[10-Jun-2023 17:12:19 UTC] PHP Warning:  Undefined array key "img_profile" in C:\wamp64\www\Bricoli\bricoleur\signup.php on line 68
[10-Jun-2023 17:12:19 UTC] PHP Stack trace:
[10-Jun-2023 17:12:19 UTC] PHP   1. {main}() C:\wamp64\www\Bricoli\bricoleur\signup.php:0
[10-Jun-2023 17:12:48 UTC] PHP Warning:  Undefined array key "img_profile" in C:\wamp64\www\Bricoli\bricoleur\signup.php on line 68
[10-Jun-2023 17:12:48 UTC] PHP Stack trace:
[10-Jun-2023 17:12:48 UTC] PHP   1. {main}() C:\wamp64\www\Bricoli\bricoleur\signup.php:0
[10-Jun-2023 17:14:09 UTC] PHP Warning:  Undefined array key "img_profile" in C:\wamp64\www\Bricoli\bricoleur\signup.php on line 68
[10-Jun-2023 17:14:09 UTC] PHP Stack trace:
[10-Jun-2023 17:14:09 UTC] PHP   1. {main}() C:\wamp64\www\Bricoli\bricoleur\signup.php:0
[11-Jun-2023 14:02:24 UTC] PHP Warning:  Undefined array key "img_profile" in C:\wamp64\www\Bricoli\bricoleur\signup.php on line 68
[11-Jun-2023 14:02:24 UTC] PHP Stack trace:
[11-Jun-2023 14:02:24 UTC] PHP   1. {main}() C:\wamp64\www\Bricoli\bricoleur\signup.php:0
Warning: Undefined array key "img_profile" in C:\wamp64\www\Bricoli\bricoleur\signup.php on line 68
Warning: Undefined array key "img_profile" in C:\wamp64\www\Bricoli\bricoleur\signup.php on line 68
Warning: Undefined array key "img_profile" in C:\wamp64\www\Bricoli\bricoleur\signup.php on line 68
Warning: Undefined array key "img_profile" in C:\wamp64\www\Bricoli\bricoleur\signup.php on line 68
Warning: Undefined array key "img_profile" in C:\wamp64\www\Bricoli\bricoleur\signup.php on line 68
Warning: Undefined array key "img_profile" in C:\wamp64\www\Bricoli\bricoleur\signup.php on line 68
Warning: Undefined array key "img_profile" in C:\wamp64\www\Bricoli\bricoleur\signup.php on line 68
Warning: Undefined array key "img_profile" in C:\wamp64\www\Bricoli\bricoleur\signup.php on line 62
Warning: Undefined array key "img_profile" in C:\wamp64\www\Bricoli\bricoleur\signup.php on line 60
Warning: move_uploaded_file(images/bricoleur/profil/6485eb871e7d7.jpg): Failed to open stream: No such file or directory in C:\wamp64\www\Bricoli\bricoleur\signup.php on line 142
Warning: move_uploaded_file(): Unable to move &quot;C:\wamp64\tmp\phpCA97.tmp&quot; to &quot;images/bricoleur/profil/6485eb871e7d7.jpg&quot; in C:\wamp64\www\Bricoli\bricoleur\signup.php on line 142
Warning: move_uploaded_file(images/bricoleur/profil/6485eba737039.jpg): Failed to open stream: No such file or directory in C:\wamp64\www\Bricoli\bricoleur\signup.php on line 142
Warning: move_uploaded_file(): Unable to move &quot;C:\wamp64\tmp\php47C7.tmp&quot; to &quot;images/bricoleur/profil/6485eba737039.jpg&quot; in C:\wamp64\www\Bricoli\bricoleur\signup.php on line 142
